ChkTeX v1.7.8 - Copyright 1995-96 Jens T. Berger Thielemann.
Compiled with PCRE regex support.
One error printed; One warning printed; 965 user suppressed warnings; No line suppressed warnings.
See the manual for how to suppress some or all of these warnings/errors.
The manual is available at https://www.nongnu.org/chktex/ChkTeX.pdf
Image written (PDF, 1 ms): ./figures/method_pipeline.pdf
PNG copy skipped (alpha): ./figures/preprocessing_before_after.png
Image written (PNG, 604 ms): ./figures/preprocessing_before_after.png
Latexmk: Using bibtex to make bibliography file(s).
Failure to make 'output.pdf'
Latexmk: ====Problematic refs and citations with line #s in .tex file:
  Reference `sec:guidelines' on page 2 undefined on input line 33
  Reference `sec:calibration' on page 2 undefined on input line 36
  Reference `sec:experiments' on page 2 undefined on input line 36
  Reference `sec:results' on page 2 undefined on input line 36
  Reference `sec:ablation' on page 2 undefined on input line 36
  Reference `sec:guidelines' on page 2 undefined on input line 36
  Reference `sec:discussion' on page 2 undefined on input line 36
 And 7 more --- see log file 'output.log'
Command exited with non-zero status 12
	Command being timed: "latexmk -cd -jobname=output -auxdir=/compile -outdir=/compile -synctex=1 -interaction=batchmode -time -f -pdf /compile/main.tex"
	User time (seconds): 2.67
	System time (seconds): 0.12
	Percent of CPU this job got: 85%
	Elapsed (wall clock) time (h:mm:ss or m:ss): 0:03.27
	Average shared text size (kbytes): 0
	Average unshared data size (kbytes): 0
	Average stack size (kbytes): 0
	Average total size (kbytes): 0
	Maximum resident set size (kbytes): 72060
	Average resident set size (kbytes): 0
	Major (requiring I/O) page faults: 8
	Minor (reclaiming a frame) page faults: 32173
	Voluntary context switches: 157
	Involuntary context switches: 250
	Swaps: 0
	File system inputs: 1928
	File system outputs: 2232
	Socket messages sent: 0
	Socket messages received: 0
	Signals delivered: 0
	Page size (bytes): 4096
	Exit status: 12
